../Core/Src/main.c:90:5:main	8	static
../Core/Src/main.c:143:6:SystemClock_Config	88	static
../Core/Src/main.c:190:13:MX_USART2_UART_Init	8	static
../Core/Src/main.c:221:13:MX_DMA_Init	16	static
../Core/Src/main.c:242:13:MX_GPIO_Init	48	static
../Core/Src/main.c:289:6:DummyTask	8	static
../Core/Src/main.c:298:6:ReadButton1	8	static
../Core/Src/main.c:335:6:UARTInterruptConfig	8	static
../Core/Src/main.c:340:6:HAL_UART_RxCpltCallback	16	static
../Core/Src/main.c:396:6:Error_Handler	4	static,ignoring_inline_asm
