../Core/Src/main.c:90:5:main	8	static
../Core/Src/main.c:142:6:SystemClock_Config	88	static
../Core/Src/main.c:189:13:MX_USART2_UART_Init	8	static
../Core/Src/main.c:220:13:MX_DMA_Init	16	static
../Core/Src/main.c:241:13:MX_GPIO_Init	48	static
../Core/Src/main.c:288:6:DummyTask	8	static
../Core/Src/main.c:297:6:ReadButton1	8	static
../Core/Src/main.c:334:6:UARTInterruptConfig	8	static
../Core/Src/main.c:339:6:HAL_UART_RxCpltCallback	16	static
../Core/Src/main.c:410:6:Error_Handler	4	static,ignoring_inline_asm
